data/system/us/seattle/maps/montlake.bin
    160 single blocks (0 failures to blockify), 0 partial merges, 0 failures to blockify partitions
data/system/us/seattle/maps/downtown.bin
    1304 single blocks (0 failures to blockify), 1 partial merges, 0 failures to blockify partitions
data/system/us/seattle/maps/lakeslice.bin
    1006 single blocks (0 failures to blockify), 1 partial merges, 0 failures to blockify partitions
data/system/us/phoenix/maps/tempe.bin
    415 single blocks (2 failures to blockify), 1 partial merges, 0 failures to blockify partitions
data/system/gb/bristol/maps/east.bin
    830 single blocks (2 failures to blockify), 2 partial merges, 0 failures to blockify partitions
data/system/gb/leeds/maps/north.bin
    1949 single blocks (2 failures to blockify), 7 partial merges, 1 failures to blockify partitions
data/system/gb/london/maps/camden.bin
    1037 single blocks (2 failures to blockify), 2 partial merges, 0 failures to blockify partitions
data/system/gb/london/maps/southwark.bin
    1322 single blocks (1 failures to blockify), 5 partial merges, 1 failures to blockify partitions
data/system/gb/manchester/maps/levenshulme.bin
    1257 single blocks (1 failures to blockify), 1 partial merges, 0 failures to blockify partitions
data/system/fr/lyon/maps/center.bin
    3826 single blocks (4 failures to blockify), 12 partial merges, 0 failures to blockify partitions
data/system/us/seattle/maps/north_seattle.bin
    3281 single blocks (1 failures to blockify), 8 partial merges, 0 failures to blockify partitions
