TurnID(Lane #1, Lane #36, Intersection #0) is a Straight
TurnID(Lane #1, Lane #37, Intersection #0) is a Straight
TurnID(Lane #1, Lane #100, Intersection #0) is a Right
TurnID(Lane #2, Lane #36, Intersection #0) is a Straight
TurnID(Lane #2, Lane #37, Intersection #0) is a Straight
TurnID(Lane #2, Lane #100, Intersection #0) is a Right
TurnID(Lane #33, Lane #3, Intersection #0) is a Straight
TurnID(Lane #33, Lane #4, Intersection #0) is a Straight
TurnID(Lane #34, Lane #3, Intersection #0) is a Straight
TurnID(Lane #34, Lane #4, Intersection #0) is a Straight
TurnID(Lane #35, Lane #100, Intersection #0) is a Left
TurnID(Lane #65, Lane #99, Intersection #0) is a Straight
TurnID(Lane #65, Lane #100, Intersection #0) is a Straight
TurnID(Lane #97, Lane #3, Intersection #0) is a Left
TurnID(Lane #97, Lane #4, Intersection #0) is a Left
TurnID(Lane #97, Lane #36, Intersection #0) is a Right
TurnID(Lane #97, Lane #37, Intersection #0) is a Right
TurnID(Lane #97, Lane #66, Intersection #0) is a Straight
TurnID(Lane #98, Lane #66, Intersection #0) is a Straight
TurnID(Lane #64, Lane #67, Intersection #0) is a Crosswalk
TurnID(Lane #67, Lane #32, Intersection #0) is a SharedSidewalkCorner
TurnID(Lane #32, Lane #38, Intersection #0) is a Crosswalk
TurnID(Lane #38, Lane #96, Intersection #0) is a SharedSidewalkCorner
TurnID(Lane #96, Lane #101, Intersection #0) is a Crosswalk
TurnID(Lane #101, Lane #0, Intersection #0) is a SharedSidewalkCorner
TurnID(Lane #0, Lane #5, Intersection #0) is a Crosswalk
TurnID(Lane #5, Lane #64, Intersection #0) is a SharedSidewalkCorner
TurnID(Lane #1, Lane #99, Intersection #0) is a Right
TurnID(Lane #33, Lane #66, Intersection #0) is a Right
TurnID(Lane #65, Lane #3, Intersection #0) is a Right
TurnID(Lane #65, Lane #4, Intersection #0) is a Right
TurnID(Lane #98, Lane #36, Intersection #0) is a Right
TurnID(Lane #98, Lane #37, Intersection #0) is a Right
TurnID(Lane #2, Lane #66, Intersection #0) is a Left
TurnID(Lane #35, Lane #99, Intersection #0) is a Left
TurnID(Lane #65, Lane #36, Intersection #0) is a Left
TurnID(Lane #65, Lane #37, Intersection #0) is a Left
TurnID(Lane #98, Lane #3, Intersection #0) is a Left
TurnID(Lane #98, Lane #4, Intersection #0) is a Left
TurnID(Lane #3, Lane #1, Intersection #1) is a UTurn
TurnID(Lane #3, Lane #2, Intersection #1) is a UTurn
TurnID(Lane #4, Lane #1, Intersection #1) is a UTurn
TurnID(Lane #4, Lane #2, Intersection #1) is a UTurn
TurnID(Lane #5, Lane #0, Intersection #1) is a SharedSidewalkCorner
TurnID(Lane #36, Lane #33, Intersection #2) is a UTurn
TurnID(Lane #36, Lane #34, Intersection #2) is a UTurn
TurnID(Lane #36, Lane #35, Intersection #2) is a UTurn
TurnID(Lane #37, Lane #33, Intersection #2) is a UTurn
TurnID(Lane #37, Lane #34, Intersection #2) is a UTurn
TurnID(Lane #37, Lane #35, Intersection #2) is a UTurn
TurnID(Lane #38, Lane #32, Intersection #2) is a SharedSidewalkCorner
TurnID(Lane #66, Lane #65, Intersection #3) is a UTurn
TurnID(Lane #67, Lane #64, Intersection #3) is a SharedSidewalkCorner
TurnID(Lane #99, Lane #97, Intersection #4) is a UTurn
TurnID(Lane #99, Lane #98, Intersection #4) is a UTurn
TurnID(Lane #100, Lane #97, Intersection #4) is a UTurn
TurnID(Lane #100, Lane #98, Intersection #4) is a UTurn
TurnID(Lane #101, Lane #96, Intersection #4) is a SharedSidewalkCorner
