Turns:
------
TurnID(Lane #69, Lane #64, Intersection #0) is a Crosswalk
TurnID(Lane #32, Lane #67, Intersection #0) is a Right
TurnID(Lane #33, Lane #68, Intersection #0) is a Right
TurnID(Lane #65, Lane #1, Intersection #0) is a Right
TurnID(Lane #66, Lane #0, Intersection #0) is a Right
TurnID(Lane #67, Lane #65, Intersection #3) is a UTurn
TurnID(Lane #67, Lane #66, Intersection #3) is a UTurn
TurnID(Lane #68, Lane #65, Intersection #3) is a UTurn
TurnID(Lane #68, Lane #66, Intersection #3) is a UTurn
TurnID(Lane #69, Lane #64, Intersection #3) is a SharedSidewalkCorner

------------
Restrictions:
------------
Turn from Road #1 into Road #0, at intersection IntersectionID(0) is a BanTurns, type Left, location Pt2D(20060.4075, -19949.2126)

