Turn from Road #0 into Road #0 is a BanTurns, type UTurn, location Pt2D(34.7446, 43.7276)
Turn from Road #3 into Road #1 is a BanTurns, type UTurn, location Pt2D(14.9735, -6.9585)
Turn from Road #4 into Road #2 is a BanTurns, type UTurn, location Pt2D(28.5963, 20.9867)
Turn from Road #4 into Road #5 is a BanTurns, type UTurn, location Pt2D(28.5963, 20.9867)
Turn from Road #5 into Road #5 is a BanTurns, type UTurn, location Pt2D(29.8495, 34.8782)
Turn from Road #5 into Road #5 is a BanTurns, type UTurn, location Pt2D(29.8495, 34.8782)
Turn from Road #5 into Road #2 is a BanTurns, type UTurn, location Pt2D(29.8495, 34.8782)

