TurnID(Lane #34, Lane #1, Intersection #0) is a Straight
TurnID(Lane #34, Lane #2, Intersection #0) is a Straight
TurnID(Lane #34, Lane #3, Intersection #0) is a Straight
TurnID(Lane #35, Lane #1, Intersection #0) is a Straight
TurnID(Lane #35, Lane #2, Intersection #0) is a Straight
TurnID(Lane #35, Lane #3, Intersection #0) is a Straight
TurnID(Lane #65, Lane #97, Intersection #0) is a Straight
TurnID(Lane #65, Lane #98, Intersection #0) is a Straight
TurnID(Lane #65, Lane #99, Intersection #0) is a Straight
TurnID(Lane #66, Lane #97, Intersection #0) is a Straight
TurnID(Lane #66, Lane #98, Intersection #0) is a Straight
TurnID(Lane #66, Lane #99, Intersection #0) is a Straight
TurnID(Lane #67, Lane #97, Intersection #0) is a Straight
TurnID(Lane #67, Lane #98, Intersection #0) is a Straight
TurnID(Lane #67, Lane #99, Intersection #0) is a Straight
TurnID(Lane #69, Lane #64, Intersection #0) is a Crosswalk
TurnID(Lane #64, Lane #36, Intersection #0) is a SharedSidewalkCorner
TurnID(Lane #36, Lane #32, Intersection #0) is a Crosswalk
TurnID(Lane #32, Lane #96, Intersection #0) is a SharedSidewalkCorner
TurnID(Lane #96, Lane #100, Intersection #0) is a Crosswalk
TurnID(Lane #100, Lane #0, Intersection #0) is a SharedSidewalkCorner
TurnID(Lane #0, Lane #4, Intersection #0) is a Crosswalk
TurnID(Lane #4, Lane #69, Intersection #0) is a SharedSidewalkCorner
TurnID(Lane #68, Lane #1, Intersection #0) is a Right
TurnID(Lane #68, Lane #2, Intersection #0) is a Right
TurnID(Lane #68, Lane #3, Intersection #0) is a Right
TurnID(Lane #33, Lane #97, Intersection #0) is a Left
TurnID(Lane #33, Lane #98, Intersection #0) is a Left
TurnID(Lane #33, Lane #99, Intersection #0) is a Left
TurnID(Lane #34, Lane #97, Intersection #0) is a Left
TurnID(Lane #34, Lane #98, Intersection #0) is a Left
TurnID(Lane #34, Lane #99, Intersection #0) is a Left
TurnID(Lane #4, Lane #0, Intersection #1) is a SharedSidewalkCorner
TurnID(Lane #32, Lane #36, Intersection #2) is a SharedSidewalkCorner
TurnID(Lane #64, Lane #69, Intersection #3) is a SharedSidewalkCorner
TurnID(Lane #100, Lane #96, Intersection #4) is a SharedSidewalkCorner
