TurnID(Lane #2, Lane #64, Intersection #0) is a Straight
TurnID(Lane #2, Lane #160, Intersection #0) is a Straight
TurnID(Lane #2, Lane #161, Intersection #0) is a Straight
TurnID(Lane #3, Lane #64, Intersection #0) is a Straight
TurnID(Lane #3, Lane #160, Intersection #0) is a Straight
TurnID(Lane #3, Lane #161, Intersection #0) is a Straight
TurnID(Lane #128, Lane #0, Intersection #0) is a Straight
TurnID(Lane #128, Lane #1, Intersection #0) is a Straight
TurnID(Lane #162, Lane #0, Intersection #0) is a Straight
TurnID(Lane #162, Lane #1, Intersection #0) is a Straight
TurnID(Lane #163, Lane #0, Intersection #0) is a Straight
TurnID(Lane #163, Lane #1, Intersection #0) is a Straight
TurnID(Lane #96, Lane #162, Intersection #2) is a Straight
TurnID(Lane #96, Lane #163, Intersection #2) is a Straight
TurnID(Lane #97, Lane #162, Intersection #2) is a Straight
TurnID(Lane #97, Lane #163, Intersection #2) is a Straight
TurnID(Lane #160, Lane #32, Intersection #2) is a Straight
TurnID(Lane #160, Lane #33, Intersection #2) is a Straight
TurnID(Lane #161, Lane #32, Intersection #2) is a Straight
TurnID(Lane #161, Lane #33, Intersection #2) is a Straight
