100059 (167) from Lane #46977 to Some(LaneID { road: RoadID(902), offset: 2 })
  Montlake Blvd E & E Shelby St: Position(Lane #40642, 33.6282m) driving, Position(Lane #40643, 33.6282m) sidewalk
100089 (2) from Lane #31586 to Some(LaneID { road: RoadID(797), offset: 1 })
  Madrona Dr & Madrona Pl E: Position(Lane #31650, 40.5448m) driving, Position(Lane #31652, 42.4929m) sidewalk
  E Denny Way & E Florence Ct: Position(Lane #15458, 72.5865m) driving, Position(Lane #15456, 73.9539m) sidewalk
100146 (255) from Lane #46977 to Some(LaneID { road: RoadID(902), offset: 2 })
  Montlake Blvd E & E Shelby St: Position(Lane #40642, 33.6282m) driving, Position(Lane #40643, 33.6282m) sidewalk
100223 (43) from Lane #13826 to Some(LaneID { road: RoadID(902), offset: 2 })
  23rd Ave E & E John St: Position(Lane #7332, 38.0127m) driving, Position(Lane #7333, 38.0127m) sidewalk
  23rd Ave E & E Republican St: Position(Lane #7460, 17.9297m) driving, Position(Lane #7461, 17.9298m) sidewalk
  23rd Ave E & E Roy St: Position(Lane #7524, 9.9327m) driving, Position(Lane #7525, 9.9328m) sidewalk
  23rd Ave E & E Aloha St: Position(Lane #7684, 16.4011m) driving, Position(Lane #7685, 16.4011m) sidewalk
  24th Ave E & E Galer St: Position(Lane #37409, 31.0856m) driving, Position(Lane #37408, 31.0856m) sidewalk
  24th Ave E & Boyer Ave E: Position(Lane #37665, 27.3669m) driving, Position(Lane #37664, 27.3669m) sidewalk
  24th Ave E & E Newton St: Position(Lane #37921, 14.5277m) driving, Position(Lane #37920, 14.5277m) sidewalk
  24th Ave E & E Mcgraw St: Position(Lane #47873, 18.4804m) driving, Position(Lane #47872, 18.4804m) sidewalk
  East Montlake Pl E & E Roanoke St: Position(Lane #30881, 0.7979m) driving, Position(Lane #30882, 0.7979m) sidewalk
100228 (48) from Lane #37794 to Some(LaneID { road: RoadID(902), offset: 2 })
  23rd Ave E & E John St: Position(Lane #7332, 38.0127m) driving, Position(Lane #7333, 38.0127m) sidewalk
  23rd Ave E & E Republican St: Position(Lane #7460, 17.9297m) driving, Position(Lane #7461, 17.9298m) sidewalk
  23rd Ave E & E Roy St: Position(Lane #7524, 9.9327m) driving, Position(Lane #7525, 9.9328m) sidewalk
  23rd Ave E & E Aloha St: Position(Lane #7684, 16.4011m) driving, Position(Lane #7685, 16.4011m) sidewalk
  24th Ave E & E Galer St: Position(Lane #37409, 31.0856m) driving, Position(Lane #37408, 31.0856m) sidewalk
  24th Ave E & Boyer Ave E: Position(Lane #37665, 27.3669m) driving, Position(Lane #37664, 27.3669m) sidewalk
  24th Ave E & E Newton St: Position(Lane #37921, 14.5277m) driving, Position(Lane #37920, 14.5277m) sidewalk
  24th Ave E & E Mcgraw St: Position(Lane #47873, 18.4804m) driving, Position(Lane #47872, 18.4804m) sidewalk
  East Montlake Pl E & E Roanoke St: Position(Lane #30881, 0.7979m) driving, Position(Lane #30882, 0.7979m) sidewalk
100344 (986) from Lane #46977 to Some(LaneID { road: RoadID(902), offset: 2 })
  Montlake Blvd E & E Shelby St: Position(Lane #40642, 33.6282m) driving, Position(Lane #40643, 33.6282m) sidewalk
100346 (988) from Lane #25154 to Some(LaneID { road: RoadID(902), offset: 2 })
  E Madison St & 28th Ave E: Position(Lane #39906, 24.6877m) driving, Position(Lane #39904, 24.6877m) sidewalk
  23rd Ave E & E Republican St: Position(Lane #7460, 17.9297m) driving, Position(Lane #7461, 17.9298m) sidewalk
  23rd Ave E & E Aloha St: Position(Lane #7684, 16.4011m) driving, Position(Lane #7685, 16.4011m) sidewalk
  24th Ave E & E Galer St: Position(Lane #37409, 31.0856m) driving, Position(Lane #37408, 31.0856m) sidewalk
  24th Ave E & E Mcgraw St: Position(Lane #47873, 18.4804m) driving, Position(Lane #47872, 18.4804m) sidewalk
100511 (542) from Lane #46977 to Some(LaneID { road: RoadID(902), offset: 2 })
  Montlake Blvd E & E Shelby St: Position(Lane #40642, 33.6282m) driving, Position(Lane #40643, 33.6282m) sidewalk
