TurnID(Lane #0, Lane #5, Intersection #0) is a Crosswalk
TurnID(Lane #0, Lane #22, Intersection #0) is a SharedSidewalkCorner
TurnID(Lane #1, Lane #10, Intersection #0) is a Straight
TurnID(Lane #1, Lane #11, Intersection #0) is a Straight
TurnID(Lane #1, Lane #20, Intersection #0) is a Right
TurnID(Lane #1, Lane #21, Intersection #0) is a Right
TurnID(Lane #2, Lane #10, Intersection #0) is a Straight
TurnID(Lane #2, Lane #11, Intersection #0) is a Straight
TurnID(Lane #2, Lane #15, Intersection #0) is a Left
TurnID(Lane #2, Lane #21, Intersection #0) is a Right
TurnID(Lane #5, Lane #0, Intersection #0) is a Crosswalk
TurnID(Lane #5, Lane #13, Intersection #0) is a SharedSidewalkCorner
TurnID(Lane #6, Lane #12, Intersection #0) is a Crosswalk
TurnID(Lane #6, Lane #16, Intersection #0) is a SharedSidewalkCorner
TurnID(Lane #7, Lane #3, Intersection #0) is a Straight
TurnID(Lane #7, Lane #4, Intersection #0) is a Straight
TurnID(Lane #7, Lane #15, Intersection #0) is a Right
TurnID(Lane #7, Lane #21, Intersection #0) is a Left
TurnID(Lane #8, Lane #3, Intersection #0) is a Straight
TurnID(Lane #8, Lane #4, Intersection #0) is a Straight
TurnID(Lane #8, Lane #21, Intersection #0) is a Left
TurnID(Lane #9, Lane #20, Intersection #0) is a Left
TurnID(Lane #9, Lane #21, Intersection #0) is a Left
TurnID(Lane #12, Lane #6, Intersection #0) is a Crosswalk
TurnID(Lane #12, Lane #17, Intersection #0) is a SharedSidewalkCorner
TurnID(Lane #13, Lane #5, Intersection #0) is a SharedSidewalkCorner
TurnID(Lane #13, Lane #16, Intersection #0) is a Crosswalk
TurnID(Lane #14, Lane #3, Intersection #0) is a Right
TurnID(Lane #14, Lane #4, Intersection #0) is a Right
TurnID(Lane #14, Lane #10, Intersection #0) is a Left
TurnID(Lane #14, Lane #11, Intersection #0) is a Left
TurnID(Lane #14, Lane #20, Intersection #0) is a Straight
TurnID(Lane #14, Lane #21, Intersection #0) is a Straight
TurnID(Lane #16, Lane #6, Intersection #0) is a SharedSidewalkCorner
TurnID(Lane #16, Lane #13, Intersection #0) is a Crosswalk
TurnID(Lane #17, Lane #12, Intersection #0) is a SharedSidewalkCorner
TurnID(Lane #17, Lane #22, Intersection #0) is a Crosswalk
TurnID(Lane #18, Lane #3, Intersection #0) is a Left
TurnID(Lane #18, Lane #4, Intersection #0) is a Left
TurnID(Lane #18, Lane #10, Intersection #0) is a Right
TurnID(Lane #18, Lane #11, Intersection #0) is a Right
TurnID(Lane #18, Lane #15, Intersection #0) is a Straight
TurnID(Lane #19, Lane #3, Intersection #0) is a Left
TurnID(Lane #19, Lane #4, Intersection #0) is a Left
TurnID(Lane #19, Lane #10, Intersection #0) is a Right
TurnID(Lane #19, Lane #11, Intersection #0) is a Right
TurnID(Lane #19, Lane #15, Intersection #0) is a Straight
TurnID(Lane #22, Lane #0, Intersection #0) is a SharedSidewalkCorner
TurnID(Lane #22, Lane #17, Intersection #0) is a Crosswalk
